// Vitest Snapshot v1, https://vitest.dev/guide/snapshot.html

exports[`TUI Shell view > renders responsive Overview status tones without changing stable focus 1`] = `
{
  "narrow": "MCV
Overview

Navigation
  Overview
  Capture (c)
  Deploy (d)
  Restore Latest Deployment (s)
› Repository (r)
  Help (h)

Status Overview
✓ Repository: Ready
  Path: /Users/张涛/Configuration
Repository/超长路径
! Git: Changes · 1234 uncommitted changes ·
main
! Pending Deployment Changes: Review ·
226542 changes (123456 add, 98765 modify,
4321 delete; 226542 recommended, 0 optional;
 0 cleanup excluded)
! Drift: Review · 0 content, 0 topology,
9876 changed, 543 missing
! Environment: Warning · 2 missing variables
IDE support:
  ✓ Codex: Ready · enabled, detected
  ○ Claude Code: Not detected · enabled, not
 detected
  ○ Gemini: Disabled · disabled, not
detected
× Last operation: Failed · deploy on this
device
× Error: test.blocked · Deployment is
blocked.

↑↓ Move   →/Enter Open   q Quit   Ctrl+C
Cancel
Accelerators: c Capture   d Deploy   s
Restore   r Repository   h Help",
  "veryShort": "Navigation:  Overview  Capture (c)  Deploy (d)  Restore Latest Deployment (s)  › Repository (r)  Help (h)
Status Overview
✓ Repository: Ready · Path: /Users/张涛/Configuration Repository/超长路径
! Git: Changes · 1234 uncommitted changes · main
! Pending Deployment Changes: Review · 226542 changes (123456 add, 98765 modify, 4321 delete; 226542 recommended, 0
optional; 0 cleanup excluded)
! Drift: Review · 0 content, 0 topology, 9876 changed, 543 missing  ! Environment: Warning · 2 missing variables
IDE:  ✓ Codex: Ready  ○ Claude Code: Not detected  ○ Gemini: Disabled
× Last operation: Failed · deploy on this device  × Error: test.blocked
↑↓ Move   →/Enter Open   q Quit   Ctrl+C Cancel
Accelerators: c Capture   d Deploy   s Restore   r Repository   h Help",
  "wide": "MCV
Overview

Navigation                      Status Overview
  Overview                      ✓ Repository: Ready
  Capture (c)                     Path: /Users/张涛/Configuration Repository/超长路径
  Deploy (d)                    ! Git: Changes · 1234 uncommitted changes · main
  Restore Latest Deployment (s) ! Pending Deployment Changes: Review · 226542 changes (123456 add,
› Repository (r)                98765 modify, 4321 delete; 226542 recommended, 0 optional; 0 cleanup
  Help (h)                       excluded)
                                ! Drift: Review · 0 content, 0 topology, 9876 changed, 543 missing
                                ! Environment: Warning · 2 missing variables
                                IDE support:
                                  ✓ Codex: Ready · enabled, detected
                                  ○ Claude Code: Not detected · enabled, not detected
                                  ○ Gemini: Disabled · disabled, not detected
                                × Last operation: Failed · deploy on this device
                                × Error: test.blocked · Deployment is blocked.

↑↓ Move   →/Enter Open   q Quit   Ctrl+C Cancel
Accelerators: c Capture   d Deploy   s Restore   r Repository   h Help",
}
`;

exports[`TUI Shell view > snapshots Deploy replacement Diff, warning, applying, stale, and failure Result 1`] = `
{
  "applying": "MCV
Deploy · Applying

● Applying: 2 selected changes transactionally...

Please wait; input is disabled during backup, Apply, and rollback.",
  "confirmation": "MCV
Deploy · Confirm Apply

2 selected changes
Warnings require explicit confirmation:
> [ ] A target needs explicit review.
Apply disabled: confirm every warning.

↑↓/Pg Move   Home/End   Space Confirm Warning   Enter Apply   ←/Escape Back   q
Quit   Ctrl+C Cancel",
  "diff": "MCV
Deploy · Diff

Shared Rules · modify
Layout: Ordinary file
Apply semantics: Whole-file replacement — replace the complete target file.
/Users/张涛/.codex/AGENTS.md
  - old rule
  + new rule

←/Escape Close Diff   q Quit   Ctrl+C Cancel",
  "failure": "MCV
Deploy · Result

Deploy failed: deploy.transactionFailed
Next: Generate and review a new Deploy Plan.

↑↓ Scroll   Enter/← Refresh Overview   q Quit",
  "stale": "MCV
Deploy · Regenerating

The Deploy Plan became stale. Regenerating a new preview for review...

Please wait.",
}
`;

exports[`TUI Shell view > snapshots Restore no-backup, conflict, review, applying, stale, success, and rollback failure 1`] = `
{
  "applying": "MCV
Restore Latest Deployment · Applying

● Applying: Restoring the latest complete deployment backup transactionally...

Please wait; input is disabled during backup, Apply, and rollback.",
  "conflict": "MCV
Restore Latest Deployment · Review

Repository: /Users/张涛/Configuration Repository
Backup time: 2026-07-27T08:30:00.000Z
Impact: 1 change(s) to write, 1 change(s) to delete · 0 projection(s) · 0
physical package(s)

> [write] [Ordinary file] /Users/张涛/.codex/config.toml
  [delete] [Ordinary file] /Users/张涛/.codex/added.toml
× Restore Conflict: Blocked · Restore would overwrite files that changed after
the deployment.
  /Users/张涛/.codex/config.toml
Apply disabled: resolve the blocking Restore error, then regenerate the Plan.
Next: Back up or manually resolve every Restore Conflict, then generate a new
Restore Plan.

↑↓ Browse   → Detail   ←/Escape Overview   q Quit   Ctrl+C Cancel",
  "deleteFocused": "MCV
Restore Latest Deployment · Review

Repository: /Users/张涛/Configuration Repository
Backup time: 2026-07-27T08:30:00.000Z
Impact: 1 change(s) to write, 1 change(s) to delete · 0 projection(s) · 0
physical package(s)

  [write] [Ordinary file] /Users/张涛/.codex/config.toml
> [delete] [Ordinary file] /Users/张涛/.codex/added.toml

↑↓ Browse   → Detail   Enter Apply   ←/Escape Overview   q Quit   Ctrl+C Cancel",
  "detail": "MCV
Restore Latest Deployment · Review

Focused Restore detail
Action: delete
Layout: Ordinary file
Target: /Users/张涛/.codex/added.toml
Restore will delete this path because it did not exist in the deployment backup.

←/Escape Close Detail   q Quit   Ctrl+C Cancel",
  "noBackup": "MCV
Restore Latest Deployment · Review

Repository: /Users/张涛/Configuration Repository
Backup time: not available
Impact: 0 change(s) to write, 0 change(s) to delete · 0 projection(s) · 0
physical package(s)

× Error: Blocked · No complete and verified deployment backup is available.
Apply disabled: resolve the blocking Restore error, then regenerate the Plan.
Next: Run a successful Deploy before trying Restore again.

↑↓ Browse   → Detail   ←/Escape Overview   q Quit   Ctrl+C Cancel",
  "review": "MCV
Restore Latest Deployment · Review

Repository: /Users/张涛/Configuration Repository
Backup time: 2026-07-27T08:30:00.000Z
Impact: 1 change(s) to write, 1 change(s) to delete · 0 projection(s) · 0
physical package(s)

> [write] [Ordinary file] /Users/张涛/.codex/config.toml
  [delete] [Ordinary file] /Users/张涛/.codex/added.toml

↑↓ Browse   → Detail   Enter Apply   ←/Escape Overview   q Quit   Ctrl+C Cancel",
  "rollbackFailure": "MCV
Restore Latest Deployment · Result

Restore failed: restore.rollbackFailed
Error code: restore.rollbackFailed
Next: Generate a new Restore Plan.

↑↓ Scroll   Enter/← Refresh Overview   q Quit",
  "stale": "MCV
Restore Latest Deployment · Regenerating

The Restore Plan became stale. Regenerating a new preview for review...

Please wait.",
  "success": "MCV
Restore Latest Deployment · Result

Restore succeeded.
Written: 1 paths
Deleted: 1 paths
Pre-restore backup: /Users/张涛/.mcv/restore-backups/before-restore-success

↑↓ Scroll   Enter/← Refresh Overview   q Quit",
}
`;

exports[`TUI Shell view > snapshots an expanded large Deploy tree at desktop and narrow widths 1`] = `
{
  "desktop": "MCV
Deploy · Select Changes

Repository: /Users/张涛/Configuration Repository
28 changes · 14 selected

  … 3 earlier
      [x]   [add] file-1.md
      [x]   [add] file-2.md
      [x]   [add] file-3.md
      [x]   [add] file-4.md
      [x]   [add] file-5.md
      [x]   [add] file-6.md
    > [x]   [add] file-7.md
      [x]   [add] file-8.md
      [x]   [add] file-9.md
      [x]   [add] file-10.md
      [x]   [add] file-11.md
      [x]   [add] file-12.md
  … 2 more

↑↓ Move   ← Collapse/Back   → Expand/Diff   Space Select   PgUp/PgDn Page   Home/End   Enter Review
  q Quit   Ctrl+C Cancel
Accelerators: d Diff   a Cleanup",
  "narrow": "MCV
Deploy · Select Changes

Repository: /Users/张涛/Configuration Repository
28 changes · 14 selected

  … 7 earlier
      [x]   [add] file-5.md
      [x]   [add] file-6.md
    > [x]   [add] file-7.md
      [x]   [add] file-8.md
  … 6 more

↑↓ Move   ← Collapse/Back   → Expand/Diff
Space Select   PgUp/PgDn Page   Home/End   Enter
 Review   q Quit   Ctrl+C Cancel
Accelerators: d Diff   a Cleanup",
}
`;
